// Vitest Snapshot v1, https://vitest.dev/guide/snapshot.html

exports[`cpu-reference 레인 > 9 fixture × 대표 프리셋 4종 픽셀 해시 스냅샷(결정성 기준선) 1`] = `
{
  "airbrush/corner-square": "dffef31b8e3c828d",
  "airbrush/curve": "74f0343548139313",
  "airbrush/fast-flick": "36f10d43161b9828",
  "airbrush/line": "aa4228fc63a4a845",
  "airbrush/slow-pressure-ramp": "e2f611e5de0cac85",
  "airbrush/spiral": "2423d91741cca2e8",
  "airbrush/tilt-sweep": "4885e31e12630085",
  "airbrush/tremor": "aec5cef28de9bf8e",
  "airbrush/zigzag": "6e04db07b49fc2a1",
  "ink-g-pen/corner-square": "bef62f9075056a01",
  "ink-g-pen/curve": "ddb64f86a2b24e58",
  "ink-g-pen/fast-flick": "b223d5732f168cd1",
  "ink-g-pen/line": "89d54d2d42f5d3a5",
  "ink-g-pen/slow-pressure-ramp": "9482e37976438c45",
  "ink-g-pen/spiral": "d64b73d12443637e",
  "ink-g-pen/tilt-sweep": "196c00c0b526e9a5",
  "ink-g-pen/tremor": "613703a710a96028",
  "ink-g-pen/zigzag": "be17d29a3cf4c84c",
  "marker-alcohol/corner-square": "ed55722a8f38fdc3",
  "marker-alcohol/curve": "d809d8eb858dd408",
  "marker-alcohol/fast-flick": "1d3955c2e7c19b81",
  "marker-alcohol/line": "bfb88bfcf3fd3980",
  "marker-alcohol/slow-pressure-ramp": "9e1e60f1c00b451d",
  "marker-alcohol/spiral": "d7cae9417d4279d1",
  "marker-alcohol/tilt-sweep": "b94f00921f426bba",
  "marker-alcohol/tremor": "4c4590ad4456ae51",
  "marker-alcohol/zigzag": "890271b02c741bcf",
  "pencil-hb/corner-square": "0ee7858559df107f",
  "pencil-hb/curve": "202850044277f6d3",
  "pencil-hb/fast-flick": "30b1ec852e7d4e93",
  "pencil-hb/line": "29dfda84a762f41e",
  "pencil-hb/slow-pressure-ramp": "e7d3a7580abacc7a",
  "pencil-hb/spiral": "032bf484f4368e30",
  "pencil-hb/tilt-sweep": "33fa8c3dcc9172aa",
  "pencil-hb/tremor": "80e25f1598fc1032",
  "pencil-hb/zigzag": "954f2b76353df583",
}
`;
